2026-03-06 15:37:50 [error]: Error: querySrv ECONNREFUSED _mongodb._tcp.cluster0.shaj0v1.mongodb.net
    at QueryReqWrap.onresolve [as oncomplete] (node:internal/dns/promises:294:17)
2026-03-06 15:37:56 [error]: Error: querySrv ECONNREFUSED _mongodb._tcp.cluster0.shaj0v1.mongodb.net
    at QueryReqWrap.onresolve [as oncomplete] (node:internal/dns/promises:294:17)
2026-03-06 15:43:13 [error]: MongooseError: Operation `maintenances.find()` buffering timed out after 10000ms
    at Timeout.<anonymous> (E:\NEXTJS\project\logistic_solutions\backend\node_modules\mongoose\lib\drivers\node-mongodb-native\collection.js:187:23)
    at listOnTimeout (node:internal/timers:588:17)
    at processTimers (node:internal/timers:523:7)
2026-03-06 15:52:46 [error]: ValidationError: Maintenance validation failed: vehicle: Cast to ObjectId failed for value "MH43BP5683" (type string) at path "vehicle" because of "BSONError"
    at model.Document.invalidate (E:\NEXTJS\project\logistic_solutions\backend\node_modules\mongoose\lib\document.js:3358:32)
    at model.$set (E:\NEXTJS\project\logistic_solutions\backend\node_modules\mongoose\lib\document.js:1480:12)
    at model.$set (E:\NEXTJS\project\logistic_solutions\backend\node_modules\mongoose\lib\document.js:1132:16)
    at model.Document (E:\NEXTJS\project\logistic_solutions\backend\node_modules\mongoose\lib\document.js:178:12)
    at model.Model (E:\NEXTJS\project\logistic_solutions\backend\node_modules\mongoose\lib\model.js:127:12)
    at new model (E:\NEXTJS\project\logistic_solutions\backend\node_modules\mongoose\lib\model.js:4834:15)
    at addMaintenance (E:\NEXTJS\project\logistic_solutions\backend\src\controllers\maintanceController.ts:8:25)
    at Layer.handleRequest (E:\NEXTJS\project\logistic_solutions\backend\node_modules\router\lib\layer.js:152:17)
    at next (E:\NEXTJS\project\logistic_solutions\backend\node_modules\router\lib\route.js:157:13)
    at Route.dispatch (E:\NEXTJS\project\logistic_solutions\backend\node_modules\router\lib\route.js:117:3)
2026-03-06 15:52:53 [error]: ValidationError: Maintenance validation failed: vehicle: Cast to ObjectId failed for value "MH43BP5682" (type string) at path "vehicle" because of "BSONError"
    at model.Document.invalidate (E:\NEXTJS\project\logistic_solutions\backend\node_modules\mongoose\lib\document.js:3358:32)
    at model.$set (E:\NEXTJS\project\logistic_solutions\backend\node_modules\mongoose\lib\document.js:1480:12)
    at model.$set (E:\NEXTJS\project\logistic_solutions\backend\node_modules\mongoose\lib\document.js:1132:16)
    at model.Document (E:\NEXTJS\project\logistic_solutions\backend\node_modules\mongoose\lib\document.js:178:12)
    at model.Model (E:\NEXTJS\project\logistic_solutions\backend\node_modules\mongoose\lib\model.js:127:12)
    at new model (E:\NEXTJS\project\logistic_solutions\backend\node_modules\mongoose\lib\model.js:4834:15)
    at addMaintenance (E:\NEXTJS\project\logistic_solutions\backend\src\controllers\maintanceController.ts:8:25)
    at Layer.handleRequest (E:\NEXTJS\project\logistic_solutions\backend\node_modules\router\lib\layer.js:152:17)
    at next (E:\NEXTJS\project\logistic_solutions\backend\node_modules\router\lib\route.js:157:13)
    at Route.dispatch (E:\NEXTJS\project\logistic_solutions\backend\node_modules\router\lib\route.js:117:3)
2026-03-07 15:32:26 [error]: ValidationError: Maintenance validation failed: expense: Path `expense` is required., amount: Path `amount` is required.
    at model.Document.invalidate (E:\NEXTJS\project\logistic_solutions\backend\node_modules\mongoose\lib\document.js:3358:32)
    at E:\NEXTJS\project\logistic_solutions\backend\node_modules\mongoose\lib\document.js:3119:17
    at E:\NEXTJS\project\logistic_solutions\backend\node_modules\mongoose\lib\schemaType.js:1416:9
    at processTicksAndRejections (node:internal/process/task_queues:85:11)
2026-03-07 15:32:50 [error]: ValidationError: Maintenance validation failed: expense: Path `expense` is required., amount: Path `amount` is required.
    at model.Document.invalidate (E:\NEXTJS\project\logistic_solutions\backend\node_modules\mongoose\lib\document.js:3358:32)
    at E:\NEXTJS\project\logistic_solutions\backend\node_modules\mongoose\lib\document.js:3119:17
    at E:\NEXTJS\project\logistic_solutions\backend\node_modules\mongoose\lib\schemaType.js:1416:9
    at processTicksAndRejections (node:internal/process/task_queues:85:11)
2026-03-07 16:21:31 [error]: CastError: Cast to ObjectId failed for value "HR55AX1415" (type string) at path "vehicle" for model "Maintenance"
    at SchemaObjectId.cast (E:\NEXTJS\project\logistic_solutions\backend\node_modules\mongoose\lib\schema\objectId.js:251:11)
    at SchemaObjectId.SchemaType.applySetters (E:\NEXTJS\project\logistic_solutions\backend\node_modules\mongoose\lib\schemaType.js:1258:12)
    at SchemaObjectId.SchemaType.castForQuery (E:\NEXTJS\project\logistic_solutions\backend\node_modules\mongoose\lib\schemaType.js:1694:17)
    at cast (E:\NEXTJS\project\logistic_solutions\backend\node_modules\mongoose\lib\cast.js:390:32)
    at model.Query.Query.cast (E:\NEXTJS\project\logistic_solutions\backend\node_modules\mongoose\lib\query.js:5060:12)
    at model.Query.Query._castConditions (E:\NEXTJS\project\logistic_solutions\backend\node_modules\mongoose\lib\query.js:2374:10)
    at model.Query._find (E:\NEXTJS\project\logistic_solutions\backend\node_modules\mongoose\lib\query.js:2401:8)
    at model.Query.exec (E:\NEXTJS\project\logistic_solutions\backend\node_modules\mongoose\lib\query.js:4627:80)
    at processTicksAndRejections (node:internal/process/task_queues:105:5)
    at getMaintenanceByVehicle (E:\NEXTJS\project\logistic_solutions\backend\src\controllers\maintanceController.ts:47:18)
2026-03-07 16:21:31 [error]: CastError: Cast to ObjectId failed for value "HR55AX1415" (type string) at path "vehicle" for model "Maintenance"
    at SchemaObjectId.cast (E:\NEXTJS\project\logistic_solutions\backend\node_modules\mongoose\lib\schema\objectId.js:251:11)
    at SchemaObjectId.SchemaType.applySetters (E:\NEXTJS\project\logistic_solutions\backend\node_modules\mongoose\lib\schemaType.js:1258:12)
    at SchemaObjectId.SchemaType.castForQuery (E:\NEXTJS\project\logistic_solutions\backend\node_modules\mongoose\lib\schemaType.js:1694:17)
    at cast (E:\NEXTJS\project\logistic_solutions\backend\node_modules\mongoose\lib\cast.js:390:32)
    at model.Query.Query.cast (E:\NEXTJS\project\logistic_solutions\backend\node_modules\mongoose\lib\query.js:5060:12)
    at model.Query.Query._castConditions (E:\NEXTJS\project\logistic_solutions\backend\node_modules\mongoose\lib\query.js:2374:10)
    at model.Query._find (E:\NEXTJS\project\logistic_solutions\backend\node_modules\mongoose\lib\query.js:2401:8)
    at model.Query.exec (E:\NEXTJS\project\logistic_solutions\backend\node_modules\mongoose\lib\query.js:4627:80)
    at processTicksAndRejections (node:internal/process/task_queues:105:5)
    at getMaintenanceByVehicle (E:\NEXTJS\project\logistic_solutions\backend\src\controllers\maintanceController.ts:47:18)
2026-03-07 16:23:11 [error]: CastError: Cast to ObjectId failed for value "HR55AX1415" (type string) at path "vehicle" for model "Maintenance"
    at SchemaObjectId.cast (E:\NEXTJS\project\logistic_solutions\backend\node_modules\mongoose\lib\schema\objectId.js:251:11)
    at SchemaObjectId.SchemaType.applySetters (E:\NEXTJS\project\logistic_solutions\backend\node_modules\mongoose\lib\schemaType.js:1258:12)
    at SchemaObjectId.SchemaType.castForQuery (E:\NEXTJS\project\logistic_solutions\backend\node_modules\mongoose\lib\schemaType.js:1694:17)
    at cast (E:\NEXTJS\project\logistic_solutions\backend\node_modules\mongoose\lib\cast.js:390:32)
    at model.Query.Query.cast (E:\NEXTJS\project\logistic_solutions\backend\node_modules\mongoose\lib\query.js:5060:12)
    at model.Query.Query._castConditions (E:\NEXTJS\project\logistic_solutions\backend\node_modules\mongoose\lib\query.js:2374:10)
    at model.Query._find (E:\NEXTJS\project\logistic_solutions\backend\node_modules\mongoose\lib\query.js:2401:8)
    at model.Query.exec (E:\NEXTJS\project\logistic_solutions\backend\node_modules\mongoose\lib\query.js:4627:80)
    at processTicksAndRejections (node:internal/process/task_queues:105:5)
    at getMaintenanceByVehicle (E:\NEXTJS\project\logistic_solutions\backend\src\controllers\maintanceController.ts:47:18)
2026-03-07 16:23:16 [error]: CastError: Cast to ObjectId failed for value "HR55AX1415" (type string) at path "vehicle" for model "Maintenance"
    at SchemaObjectId.cast (E:\NEXTJS\project\logistic_solutions\backend\node_modules\mongoose\lib\schema\objectId.js:251:11)
    at SchemaObjectId.SchemaType.applySetters (E:\NEXTJS\project\logistic_solutions\backend\node_modules\mongoose\lib\schemaType.js:1258:12)
    at SchemaObjectId.SchemaType.castForQuery (E:\NEXTJS\project\logistic_solutions\backend\node_modules\mongoose\lib\schemaType.js:1694:17)
    at cast (E:\NEXTJS\project\logistic_solutions\backend\node_modules\mongoose\lib\cast.js:390:32)
    at model.Query.Query.cast (E:\NEXTJS\project\logistic_solutions\backend\node_modules\mongoose\lib\query.js:5060:12)
    at model.Query.Query._castConditions (E:\NEXTJS\project\logistic_solutions\backend\node_modules\mongoose\lib\query.js:2374:10)
    at model.Query._find (E:\NEXTJS\project\logistic_solutions\backend\node_modules\mongoose\lib\query.js:2401:8)
    at model.Query.exec (E:\NEXTJS\project\logistic_solutions\backend\node_modules\mongoose\lib\query.js:4627:80)
    at processTicksAndRejections (node:internal/process/task_queues:105:5)
    at getMaintenanceByVehicle (E:\NEXTJS\project\logistic_solutions\backend\src\controllers\maintanceController.ts:47:18)
2026-03-07 16:23:35 [error]: CastError: Cast to ObjectId failed for value "undefined" (type string) at path "vehicle" for model "Maintenance"
    at SchemaObjectId.cast (E:\NEXTJS\project\logistic_solutions\backend\node_modules\mongoose\lib\schema\objectId.js:251:11)
    at SchemaObjectId.SchemaType.applySetters (E:\NEXTJS\project\logistic_solutions\backend\node_modules\mongoose\lib\schemaType.js:1258:12)
    at SchemaObjectId.SchemaType.castForQuery (E:\NEXTJS\project\logistic_solutions\backend\node_modules\mongoose\lib\schemaType.js:1694:17)
    at cast (E:\NEXTJS\project\logistic_solutions\backend\node_modules\mongoose\lib\cast.js:390:32)
    at model.Query.Query.cast (E:\NEXTJS\project\logistic_solutions\backend\node_modules\mongoose\lib\query.js:5060:12)
    at model.Query.Query._castConditions (E:\NEXTJS\project\logistic_solutions\backend\node_modules\mongoose\lib\query.js:2374:10)
    at model.Query._find (E:\NEXTJS\project\logistic_solutions\backend\node_modules\mongoose\lib\query.js:2401:8)
    at model.Query.exec (E:\NEXTJS\project\logistic_solutions\backend\node_modules\mongoose\lib\query.js:4627:80)
    at processTicksAndRejections (node:internal/process/task_queues:105:5)
    at getMaintenanceByVehicle (E:\NEXTJS\project\logistic_solutions\backend\src\controllers\maintanceController.ts:47:18)
2026-03-07 16:23:35 [error]: CastError: Cast to ObjectId failed for value "undefined" (type string) at path "vehicle" for model "Maintenance"
    at SchemaObjectId.cast (E:\NEXTJS\project\logistic_solutions\backend\node_modules\mongoose\lib\schema\objectId.js:251:11)
    at SchemaObjectId.SchemaType.applySetters (E:\NEXTJS\project\logistic_solutions\backend\node_modules\mongoose\lib\schemaType.js:1258:12)
    at SchemaObjectId.SchemaType.castForQuery (E:\NEXTJS\project\logistic_solutions\backend\node_modules\mongoose\lib\schemaType.js:1694:17)
    at cast (E:\NEXTJS\project\logistic_solutions\backend\node_modules\mongoose\lib\cast.js:390:32)
    at model.Query.Query.cast (E:\NEXTJS\project\logistic_solutions\backend\node_modules\mongoose\lib\query.js:5060:12)
    at model.Query.Query._castConditions (E:\NEXTJS\project\logistic_solutions\backend\node_modules\mongoose\lib\query.js:2374:10)
    at model.Query._find (E:\NEXTJS\project\logistic_solutions\backend\node_modules\mongoose\lib\query.js:2401:8)
    at model.Query.exec (E:\NEXTJS\project\logistic_solutions\backend\node_modules\mongoose\lib\query.js:4627:80)
    at processTicksAndRejections (node:internal/process/task_queues:105:5)
    at getMaintenanceByVehicle (E:\NEXTJS\project\logistic_solutions\backend\src\controllers\maintanceController.ts:47:18)
2026-03-07 16:29:34 [error]: CastError: Cast to ObjectId failed for value "undefined" (type string) at path "vehicle" for model "Maintenance"
    at SchemaObjectId.cast (E:\NEXTJS\project\logistic_solutions\backend\node_modules\mongoose\lib\schema\objectId.js:251:11)
    at SchemaObjectId.SchemaType.applySetters (E:\NEXTJS\project\logistic_solutions\backend\node_modules\mongoose\lib\schemaType.js:1258:12)
    at SchemaObjectId.SchemaType.castForQuery (E:\NEXTJS\project\logistic_solutions\backend\node_modules\mongoose\lib\schemaType.js:1694:17)
    at cast (E:\NEXTJS\project\logistic_solutions\backend\node_modules\mongoose\lib\cast.js:390:32)
    at model.Query.Query.cast (E:\NEXTJS\project\logistic_solutions\backend\node_modules\mongoose\lib\query.js:5060:12)
    at model.Query.Query._castConditions (E:\NEXTJS\project\logistic_solutions\backend\node_modules\mongoose\lib\query.js:2374:10)
    at model.Query._find (E:\NEXTJS\project\logistic_solutions\backend\node_modules\mongoose\lib\query.js:2401:8)
    at model.Query.exec (E:\NEXTJS\project\logistic_solutions\backend\node_modules\mongoose\lib\query.js:4627:80)
    at processTicksAndRejections (node:internal/process/task_queues:105:5)
    at getMaintenanceByVehicle (E:\NEXTJS\project\logistic_solutions\backend\src\controllers\maintanceController.ts:47:18)
2026-03-07 16:29:34 [error]: CastError: Cast to ObjectId failed for value "undefined" (type string) at path "vehicle" for model "Maintenance"
    at SchemaObjectId.cast (E:\NEXTJS\project\logistic_solutions\backend\node_modules\mongoose\lib\schema\objectId.js:251:11)
    at SchemaObjectId.SchemaType.applySetters (E:\NEXTJS\project\logistic_solutions\backend\node_modules\mongoose\lib\schemaType.js:1258:12)
    at SchemaObjectId.SchemaType.castForQuery (E:\NEXTJS\project\logistic_solutions\backend\node_modules\mongoose\lib\schemaType.js:1694:17)
    at cast (E:\NEXTJS\project\logistic_solutions\backend\node_modules\mongoose\lib\cast.js:390:32)
    at model.Query.Query.cast (E:\NEXTJS\project\logistic_solutions\backend\node_modules\mongoose\lib\query.js:5060:12)
    at model.Query.Query._castConditions (E:\NEXTJS\project\logistic_solutions\backend\node_modules\mongoose\lib\query.js:2374:10)
    at model.Query._find (E:\NEXTJS\project\logistic_solutions\backend\node_modules\mongoose\lib\query.js:2401:8)
    at model.Query.exec (E:\NEXTJS\project\logistic_solutions\backend\node_modules\mongoose\lib\query.js:4627:80)
    at processTicksAndRejections (node:internal/process/task_queues:105:5)
    at getMaintenanceByVehicle (E:\NEXTJS\project\logistic_solutions\backend\src\controllers\maintanceController.ts:47:18)
2026-03-07 19:38:07 [error]: CastError: Cast to ObjectId failed for value "add" (type string) at path "_id" for model "Maintenance"
    at SchemaObjectId.cast (E:\NEXTJS\project\logistic_solutions\backend\node_modules\mongoose\lib\schema\objectId.js:251:11)
    at SchemaObjectId.SchemaType.applySetters (E:\NEXTJS\project\logistic_solutions\backend\node_modules\mongoose\lib\schemaType.js:1258:12)
    at SchemaObjectId.SchemaType.castForQuery (E:\NEXTJS\project\logistic_solutions\backend\node_modules\mongoose\lib\schemaType.js:1694:17)
    at cast (E:\NEXTJS\project\logistic_solutions\backend\node_modules\mongoose\lib\cast.js:390:32)
    at model.Query.Query.cast (E:\NEXTJS\project\logistic_solutions\backend\node_modules\mongoose\lib\query.js:5060:12)
    at model.Query.Query._castConditions (E:\NEXTJS\project\logistic_solutions\backend\node_modules\mongoose\lib\query.js:2374:10)
    at model.Query._findOne (E:\NEXTJS\project\logistic_solutions\backend\node_modules\mongoose\lib\query.js:2697:8)
    at model.Query.exec (E:\NEXTJS\project\logistic_solutions\backend\node_modules\mongoose\lib\query.js:4627:80)
    at processTicksAndRejections (node:internal/process/task_queues:105:5)
    at getMaintenanceById (E:\NEXTJS\project\logistic_solutions\backend\src\controllers\maintanceController.ts:47:18)
2026-03-07 19:39:21 [error]: CastError: Cast to ObjectId failed for value "add" (type string) at path "_id" for model "Maintenance"
    at SchemaObjectId.cast (E:\NEXTJS\project\logistic_solutions\backend\node_modules\mongoose\lib\schema\objectId.js:251:11)
    at SchemaObjectId.SchemaType.applySetters (E:\NEXTJS\project\logistic_solutions\backend\node_modules\mongoose\lib\schemaType.js:1258:12)
    at SchemaObjectId.SchemaType.castForQuery (E:\NEXTJS\project\logistic_solutions\backend\node_modules\mongoose\lib\schemaType.js:1694:17)
    at cast (E:\NEXTJS\project\logistic_solutions\backend\node_modules\mongoose\lib\cast.js:390:32)
    at model.Query.Query.cast (E:\NEXTJS\project\logistic_solutions\backend\node_modules\mongoose\lib\query.js:5060:12)
    at model.Query.Query._castConditions (E:\NEXTJS\project\logistic_solutions\backend\node_modules\mongoose\lib\query.js:2374:10)
    at model.Query._findOne (E:\NEXTJS\project\logistic_solutions\backend\node_modules\mongoose\lib\query.js:2697:8)
    at model.Query.exec (E:\NEXTJS\project\logistic_solutions\backend\node_modules\mongoose\lib\query.js:4627:80)
    at processTicksAndRejections (node:internal/process/task_queues:105:5)
    at getMaintenanceById (E:\NEXTJS\project\logistic_solutions\backend\src\controllers\maintanceController.ts:47:18)
2026-03-07 19:39:37 [error]: CastError: Cast to ObjectId failed for value "add" (type string) at path "_id" for model "Maintenance"
    at SchemaObjectId.cast (E:\NEXTJS\project\logistic_solutions\backend\node_modules\mongoose\lib\schema\objectId.js:251:11)
    at SchemaObjectId.SchemaType.applySetters (E:\NEXTJS\project\logistic_solutions\backend\node_modules\mongoose\lib\schemaType.js:1258:12)
    at SchemaObjectId.SchemaType.castForQuery (E:\NEXTJS\project\logistic_solutions\backend\node_modules\mongoose\lib\schemaType.js:1694:17)
    at cast (E:\NEXTJS\project\logistic_solutions\backend\node_modules\mongoose\lib\cast.js:390:32)
    at model.Query.Query.cast (E:\NEXTJS\project\logistic_solutions\backend\node_modules\mongoose\lib\query.js:5060:12)
    at model.Query.Query._castConditions (E:\NEXTJS\project\logistic_solutions\backend\node_modules\mongoose\lib\query.js:2374:10)
    at model.Query._findOne (E:\NEXTJS\project\logistic_solutions\backend\node_modules\mongoose\lib\query.js:2697:8)
    at model.Query.exec (E:\NEXTJS\project\logistic_solutions\backend\node_modules\mongoose\lib\query.js:4627:80)
    at processTicksAndRejections (node:internal/process/task_queues:105:5)
    at getMaintenanceById (E:\NEXTJS\project\logistic_solutions\backend\src\controllers\maintanceController.ts:47:18)
2026-03-07 19:39:49 [error]: CastError: Cast to ObjectId failed for value "123456" (type string) at path "_id" for model "Maintenance"
    at SchemaObjectId.cast (E:\NEXTJS\project\logistic_solutions\backend\node_modules\mongoose\lib\schema\objectId.js:251:11)
    at SchemaObjectId.SchemaType.applySetters (E:\NEXTJS\project\logistic_solutions\backend\node_modules\mongoose\lib\schemaType.js:1258:12)
    at SchemaObjectId.SchemaType.castForQuery (E:\NEXTJS\project\logistic_solutions\backend\node_modules\mongoose\lib\schemaType.js:1694:17)
    at cast (E:\NEXTJS\project\logistic_solutions\backend\node_modules\mongoose\lib\cast.js:390:32)
    at model.Query.Query.cast (E:\NEXTJS\project\logistic_solutions\backend\node_modules\mongoose\lib\query.js:5060:12)
    at model.Query.Query._castConditions (E:\NEXTJS\project\logistic_solutions\backend\node_modules\mongoose\lib\query.js:2374:10)
    at model.Query._findOne (E:\NEXTJS\project\logistic_solutions\backend\node_modules\mongoose\lib\query.js:2697:8)
    at model.Query.exec (E:\NEXTJS\project\logistic_solutions\backend\node_modules\mongoose\lib\query.js:4627:80)
    at processTicksAndRejections (node:internal/process/task_queues:105:5)
    at getMaintenanceById (E:\NEXTJS\project\logistic_solutions\backend\src\controllers\maintanceController.ts:47:18)
2026-03-07 19:40:42 [error]: CastError: Cast to ObjectId failed for value "123456" (type string) at path "_id" for model "Maintenance"
    at SchemaObjectId.cast (E:\NEXTJS\project\logistic_solutions\backend\node_modules\mongoose\lib\schema\objectId.js:251:11)
    at SchemaObjectId.SchemaType.applySetters (E:\NEXTJS\project\logistic_solutions\backend\node_modules\mongoose\lib\schemaType.js:1258:12)
    at SchemaObjectId.SchemaType.castForQuery (E:\NEXTJS\project\logistic_solutions\backend\node_modules\mongoose\lib\schemaType.js:1694:17)
    at cast (E:\NEXTJS\project\logistic_solutions\backend\node_modules\mongoose\lib\cast.js:390:32)
    at model.Query.Query.cast (E:\NEXTJS\project\logistic_solutions\backend\node_modules\mongoose\lib\query.js:5060:12)
    at model.Query.Query._castConditions (E:\NEXTJS\project\logistic_solutions\backend\node_modules\mongoose\lib\query.js:2374:10)
    at model.Query._findOne (E:\NEXTJS\project\logistic_solutions\backend\node_modules\mongoose\lib\query.js:2697:8)
    at model.Query.exec (E:\NEXTJS\project\logistic_solutions\backend\node_modules\mongoose\lib\query.js:4627:80)
    at processTicksAndRejections (node:internal/process/task_queues:105:5)
    at getMaintenanceById (E:\NEXTJS\project\logistic_solutions\backend\src\controllers\maintanceController.ts:47:18)
2026-03-07 19:40:48 [error]: CastError: Cast to ObjectId failed for value "add" (type string) at path "_id" for model "Maintenance"
    at SchemaObjectId.cast (E:\NEXTJS\project\logistic_solutions\backend\node_modules\mongoose\lib\schema\objectId.js:251:11)
    at SchemaObjectId.SchemaType.applySetters (E:\NEXTJS\project\logistic_solutions\backend\node_modules\mongoose\lib\schemaType.js:1258:12)
    at SchemaObjectId.SchemaType.castForQuery (E:\NEXTJS\project\logistic_solutions\backend\node_modules\mongoose\lib\schemaType.js:1694:17)
    at cast (E:\NEXTJS\project\logistic_solutions\backend\node_modules\mongoose\lib\cast.js:390:32)
    at model.Query.Query.cast (E:\NEXTJS\project\logistic_solutions\backend\node_modules\mongoose\lib\query.js:5060:12)
    at model.Query.Query._castConditions (E:\NEXTJS\project\logistic_solutions\backend\node_modules\mongoose\lib\query.js:2374:10)
    at model.Query._findOne (E:\NEXTJS\project\logistic_solutions\backend\node_modules\mongoose\lib\query.js:2697:8)
    at model.Query.exec (E:\NEXTJS\project\logistic_solutions\backend\node_modules\mongoose\lib\query.js:4627:80)
    at processTicksAndRejections (node:internal/process/task_queues:105:5)
    at getMaintenanceById (E:\NEXTJS\project\logistic_solutions\backend\src\controllers\maintanceController.ts:47:18)
2026-03-07 19:40:56 [error]: CastError: Cast to ObjectId failed for value "123456" (type string) at path "_id" for model "Maintenance"
    at SchemaObjectId.cast (E:\NEXTJS\project\logistic_solutions\backend\node_modules\mongoose\lib\schema\objectId.js:251:11)
    at SchemaObjectId.SchemaType.applySetters (E:\NEXTJS\project\logistic_solutions\backend\node_modules\mongoose\lib\schemaType.js:1258:12)
    at SchemaObjectId.SchemaType.castForQuery (E:\NEXTJS\project\logistic_solutions\backend\node_modules\mongoose\lib\schemaType.js:1694:17)
    at cast (E:\NEXTJS\project\logistic_solutions\backend\node_modules\mongoose\lib\cast.js:390:32)
    at model.Query.Query.cast (E:\NEXTJS\project\logistic_solutions\backend\node_modules\mongoose\lib\query.js:5060:12)
    at model.Query.Query._castConditions (E:\NEXTJS\project\logistic_solutions\backend\node_modules\mongoose\lib\query.js:2374:10)
    at model.Query._findOne (E:\NEXTJS\project\logistic_solutions\backend\node_modules\mongoose\lib\query.js:2697:8)
    at model.Query.exec (E:\NEXTJS\project\logistic_solutions\backend\node_modules\mongoose\lib\query.js:4627:80)
    at processTicksAndRejections (node:internal/process/task_queues:105:5)
    at getMaintenanceById (E:\NEXTJS\project\logistic_solutions\backend\src\controllers\maintanceController.ts:47:18)
2026-03-07 19:41:11 [error]: CastError: Cast to ObjectId failed for value "add" (type string) at path "_id" for model "Maintenance"
    at SchemaObjectId.cast (E:\NEXTJS\project\logistic_solutions\backend\node_modules\mongoose\lib\schema\objectId.js:251:11)
    at SchemaObjectId.SchemaType.applySetters (E:\NEXTJS\project\logistic_solutions\backend\node_modules\mongoose\lib\schemaType.js:1258:12)
    at SchemaObjectId.SchemaType.castForQuery (E:\NEXTJS\project\logistic_solutions\backend\node_modules\mongoose\lib\schemaType.js:1694:17)
    at cast (E:\NEXTJS\project\logistic_solutions\backend\node_modules\mongoose\lib\cast.js:390:32)
    at model.Query.Query.cast (E:\NEXTJS\project\logistic_solutions\backend\node_modules\mongoose\lib\query.js:5060:12)
    at model.Query.Query._castConditions (E:\NEXTJS\project\logistic_solutions\backend\node_modules\mongoose\lib\query.js:2374:10)
    at model.Query._findOne (E:\NEXTJS\project\logistic_solutions\backend\node_modules\mongoose\lib\query.js:2697:8)
    at model.Query.exec (E:\NEXTJS\project\logistic_solutions\backend\node_modules\mongoose\lib\query.js:4627:80)
    at processTicksAndRejections (node:internal/process/task_queues:105:5)
    at getMaintenanceById (E:\NEXTJS\project\logistic_solutions\backend\src\controllers\maintanceController.ts:47:18)
2026-03-07 19:44:39 [error]: CastError: Cast to ObjectId failed for value "add" (type string) at path "_id" for model "Maintenance"
    at SchemaObjectId.cast (E:\NEXTJS\project\logistic_solutions\backend\node_modules\mongoose\lib\schema\objectId.js:251:11)
    at SchemaObjectId.SchemaType.applySetters (E:\NEXTJS\project\logistic_solutions\backend\node_modules\mongoose\lib\schemaType.js:1258:12)
    at SchemaObjectId.SchemaType.castForQuery (E:\NEXTJS\project\logistic_solutions\backend\node_modules\mongoose\lib\schemaType.js:1694:17)
    at cast (E:\NEXTJS\project\logistic_solutions\backend\node_modules\mongoose\lib\cast.js:390:32)
    at model.Query.Query.cast (E:\NEXTJS\project\logistic_solutions\backend\node_modules\mongoose\lib\query.js:5060:12)
    at model.Query.Query._castConditions (E:\NEXTJS\project\logistic_solutions\backend\node_modules\mongoose\lib\query.js:2374:10)
    at model.Query._findOne (E:\NEXTJS\project\logistic_solutions\backend\node_modules\mongoose\lib\query.js:2697:8)
    at model.Query.exec (E:\NEXTJS\project\logistic_solutions\backend\node_modules\mongoose\lib\query.js:4627:80)
    at processTicksAndRejections (node:internal/process/task_queues:105:5)
    at getMaintenanceById (E:\NEXTJS\project\logistic_solutions\backend\src\controllers\maintanceController.ts:47:18)
2026-03-07 19:54:24 [error]: CastError: Cast to ObjectId failed for value "dfjgks" (type string) at path "_id" for model "Maintenance"
    at SchemaObjectId.cast (E:\NEXTJS\project\logistic_solutions\backend\node_modules\mongoose\lib\schema\objectId.js:251:11)
    at SchemaObjectId.SchemaType.applySetters (E:\NEXTJS\project\logistic_solutions\backend\node_modules\mongoose\lib\schemaType.js:1258:12)
    at SchemaObjectId.SchemaType.castForQuery (E:\NEXTJS\project\logistic_solutions\backend\node_modules\mongoose\lib\schemaType.js:1694:17)
    at cast (E:\NEXTJS\project\logistic_solutions\backend\node_modules\mongoose\lib\cast.js:390:32)
    at model.Query.Query.cast (E:\NEXTJS\project\logistic_solutions\backend\node_modules\mongoose\lib\query.js:5060:12)
    at model.Query.Query._castConditions (E:\NEXTJS\project\logistic_solutions\backend\node_modules\mongoose\lib\query.js:2374:10)
    at model.Query._findOne (E:\NEXTJS\project\logistic_solutions\backend\node_modules\mongoose\lib\query.js:2697:8)
    at model.Query.exec (E:\NEXTJS\project\logistic_solutions\backend\node_modules\mongoose\lib\query.js:4627:80)
    at processTicksAndRejections (node:internal/process/task_queues:105:5)
    at getMaintenanceById (E:\NEXTJS\project\logistic_solutions\backend\src\controllers\maintanceController.ts:47:18)
2026-03-07 19:55:10 [error]: CastError: Cast to ObjectId failed for value "dfjgks" (type string) at path "_id" for model "Maintenance"
    at SchemaObjectId.cast (E:\NEXTJS\project\logistic_solutions\backend\node_modules\mongoose\lib\schema\objectId.js:251:11)
    at SchemaObjectId.SchemaType.applySetters (E:\NEXTJS\project\logistic_solutions\backend\node_modules\mongoose\lib\schemaType.js:1258:12)
    at SchemaObjectId.SchemaType.castForQuery (E:\NEXTJS\project\logistic_solutions\backend\node_modules\mongoose\lib\schemaType.js:1694:17)
    at cast (E:\NEXTJS\project\logistic_solutions\backend\node_modules\mongoose\lib\cast.js:390:32)
    at model.Query.Query.cast (E:\NEXTJS\project\logistic_solutions\backend\node_modules\mongoose\lib\query.js:5060:12)
    at model.Query.Query._castConditions (E:\NEXTJS\project\logistic_solutions\backend\node_modules\mongoose\lib\query.js:2374:10)
    at model.Query._findOneAndUpdate (E:\NEXTJS\project\logistic_solutions\backend\node_modules\mongoose\lib\query.js:3477:8)
    at model.Query.exec (E:\NEXTJS\project\logistic_solutions\backend\node_modules\mongoose\lib\query.js:4627:80)
    at processTicksAndRejections (node:internal/process/task_queues:105:5)
    at updateMaintenance (E:\NEXTJS\project\logistic_solutions\backend\src\controllers\maintanceController.ts:80:32)
2026-03-07 19:57:35 [error]: CastError: Cast to ObjectId failed for value "add" (type string) at path "_id" for model "Maintenance"
    at SchemaObjectId.cast (E:\NEXTJS\project\logistic_solutions\backend\node_modules\mongoose\lib\schema\objectId.js:251:11)
    at SchemaObjectId.SchemaType.applySetters (E:\NEXTJS\project\logistic_solutions\backend\node_modules\mongoose\lib\schemaType.js:1258:12)
    at SchemaObjectId.SchemaType.castForQuery (E:\NEXTJS\project\logistic_solutions\backend\node_modules\mongoose\lib\schemaType.js:1694:17)
    at cast (E:\NEXTJS\project\logistic_solutions\backend\node_modules\mongoose\lib\cast.js:390:32)
    at model.Query.Query.cast (E:\NEXTJS\project\logistic_solutions\backend\node_modules\mongoose\lib\query.js:5060:12)
    at model.Query.Query._castConditions (E:\NEXTJS\project\logistic_solutions\backend\node_modules\mongoose\lib\query.js:2374:10)
    at model.Query._findOne (E:\NEXTJS\project\logistic_solutions\backend\node_modules\mongoose\lib\query.js:2697:8)
    at model.Query.exec (E:\NEXTJS\project\logistic_solutions\backend\node_modules\mongoose\lib\query.js:4627:80)
    at processTicksAndRejections (node:internal/process/task_queues:105:5)
    at getMaintenanceById (E:\NEXTJS\project\logistic_solutions\backend\src\controllers\maintanceController.ts:47:18)
2026-03-07 19:57:35 [error]: CastError: Cast to ObjectId failed for value "add" (type string) at path "_id" for model "Maintenance"
    at SchemaObjectId.cast (E:\NEXTJS\project\logistic_solutions\backend\node_modules\mongoose\lib\schema\objectId.js:251:11)
    at SchemaObjectId.SchemaType.applySetters (E:\NEXTJS\project\logistic_solutions\backend\node_modules\mongoose\lib\schemaType.js:1258:12)
    at SchemaObjectId.SchemaType.castForQuery (E:\NEXTJS\project\logistic_solutions\backend\node_modules\mongoose\lib\schemaType.js:1694:17)
    at cast (E:\NEXTJS\project\logistic_solutions\backend\node_modules\mongoose\lib\cast.js:390:32)
    at model.Query.Query.cast (E:\NEXTJS\project\logistic_solutions\backend\node_modules\mongoose\lib\query.js:5060:12)
    at model.Query.Query._castConditions (E:\NEXTJS\project\logistic_solutions\backend\node_modules\mongoose\lib\query.js:2374:10)
    at model.Query._findOne (E:\NEXTJS\project\logistic_solutions\backend\node_modules\mongoose\lib\query.js:2697:8)
    at model.Query.exec (E:\NEXTJS\project\logistic_solutions\backend\node_modules\mongoose\lib\query.js:4627:80)
    at processTicksAndRejections (node:internal/process/task_queues:105:5)
    at getMaintenanceById (E:\NEXTJS\project\logistic_solutions\backend\src\controllers\maintanceController.ts:47:18)
2026-03-08 12:35:01 [error]: Error: querySrv ECONNREFUSED _mongodb._tcp.cluster0.shaj0v1.mongodb.net
    at QueryReqWrap.onresolve [as oncomplete] (node:internal/dns/promises:294:17)
2026-03-08 12:41:48 [error]: MongooseError: Operation `users.findOne()` buffering timed out after 10000ms
    at Timeout.<anonymous> (E:\NEXTJS\project\logistic_solutions\backend\node_modules\mongoose\lib\drivers\node-mongodb-native\collection.js:187:23)
    at listOnTimeout (node:internal/timers:588:17)
    at processTimers (node:internal/timers:523:7)
2026-03-08 12:54:34 [error]: CastError: Cast to ObjectId failed for value "vehicle" (type string) at path "_id" for model "Maintenance"
    at SchemaObjectId.cast (E:\NEXTJS\project\logistic_solutions\backend\node_modules\mongoose\lib\schema\objectId.js:251:11)
    at SchemaObjectId.SchemaType.applySetters (E:\NEXTJS\project\logistic_solutions\backend\node_modules\mongoose\lib\schemaType.js:1258:12)
    at SchemaObjectId.SchemaType.castForQuery (E:\NEXTJS\project\logistic_solutions\backend\node_modules\mongoose\lib\schemaType.js:1694:17)
    at cast (E:\NEXTJS\project\logistic_solutions\backend\node_modules\mongoose\lib\cast.js:390:32)
    at model.Query.Query.cast (E:\NEXTJS\project\logistic_solutions\backend\node_modules\mongoose\lib\query.js:5060:12)
    at model.Query.Query._castConditions (E:\NEXTJS\project\logistic_solutions\backend\node_modules\mongoose\lib\query.js:2374:10)
    at model.Query._findOne (E:\NEXTJS\project\logistic_solutions\backend\node_modules\mongoose\lib\query.js:2697:8)
    at model.Query.exec (E:\NEXTJS\project\logistic_solutions\backend\node_modules\mongoose\lib\query.js:4627:80)
    at processTicksAndRejections (node:internal/process/task_queues:105:5)
    at getMaintenanceById (E:\NEXTJS\project\logistic_solutions\backend\src\controllers\maintanceController.ts:47:18)
2026-03-08 14:05:28 [error]: CastError: Cast to ObjectId failed for value "add" (type string) at path "_id" for model "Maintenance"
    at SchemaObjectId.cast (E:\NEXTJS\project\logistic_solutions\backend\node_modules\mongoose\lib\schema\objectId.js:251:11)
    at SchemaObjectId.SchemaType.applySetters (E:\NEXTJS\project\logistic_solutions\backend\node_modules\mongoose\lib\schemaType.js:1258:12)
    at SchemaObjectId.SchemaType.castForQuery (E:\NEXTJS\project\logistic_solutions\backend\node_modules\mongoose\lib\schemaType.js:1694:17)
    at cast (E:\NEXTJS\project\logistic_solutions\backend\node_modules\mongoose\lib\cast.js:390:32)
    at model.Query.Query.cast (E:\NEXTJS\project\logistic_solutions\backend\node_modules\mongoose\lib\query.js:5060:12)
    at model.Query.Query._castConditions (E:\NEXTJS\project\logistic_solutions\backend\node_modules\mongoose\lib\query.js:2374:10)
    at model.Query._findOne (E:\NEXTJS\project\logistic_solutions\backend\node_modules\mongoose\lib\query.js:2697:8)
    at model.Query.exec (E:\NEXTJS\project\logistic_solutions\backend\node_modules\mongoose\lib\query.js:4627:80)
    at processTicksAndRejections (node:internal/process/task_queues:105:5)
    at getMaintenanceById (E:\NEXTJS\project\logistic_solutions\backend\src\controllers\maintanceController.ts:67:18)
2026-03-08 14:27:43 [error]: CastError: Cast to ObjectId failed for value "123" (type string) at path "_id" for model "Maintenance"
    at SchemaObjectId.cast (E:\NEXTJS\project\logistic_solutions\backend\node_modules\mongoose\lib\schema\objectId.js:251:11)
    at SchemaObjectId.SchemaType.applySetters (E:\NEXTJS\project\logistic_solutions\backend\node_modules\mongoose\lib\schemaType.js:1258:12)
    at SchemaObjectId.SchemaType.castForQuery (E:\NEXTJS\project\logistic_solutions\backend\node_modules\mongoose\lib\schemaType.js:1694:17)
    at cast (E:\NEXTJS\project\logistic_solutions\backend\node_modules\mongoose\lib\cast.js:390:32)
    at model.Query.Query.cast (E:\NEXTJS\project\logistic_solutions\backend\node_modules\mongoose\lib\query.js:5060:12)
    at model.Query.Query._castConditions (E:\NEXTJS\project\logistic_solutions\backend\node_modules\mongoose\lib\query.js:2374:10)
    at model.Query._findOne (E:\NEXTJS\project\logistic_solutions\backend\node_modules\mongoose\lib\query.js:2697:8)
    at model.Query.exec (E:\NEXTJS\project\logistic_solutions\backend\node_modules\mongoose\lib\query.js:4627:80)
    at processTicksAndRejections (node:internal/process/task_queues:105:5)
    at getMaintenanceById (E:\NEXTJS\project\logistic_solutions\backend\src\controllers\maintanceController.ts:67:18)
2026-03-08 14:51:19 [error]: CastError: Cast to ObjectId failed for value "123" (type string) at path "_id" for model "Maintenance"
    at SchemaObjectId.cast (E:\NEXTJS\project\logistic_solutions\backend\node_modules\mongoose\lib\schema\objectId.js:251:11)
    at SchemaObjectId.SchemaType.applySetters (E:\NEXTJS\project\logistic_solutions\backend\node_modules\mongoose\lib\schemaType.js:1258:12)
    at SchemaObjectId.SchemaType.castForQuery (E:\NEXTJS\project\logistic_solutions\backend\node_modules\mongoose\lib\schemaType.js:1694:17)
    at cast (E:\NEXTJS\project\logistic_solutions\backend\node_modules\mongoose\lib\cast.js:390:32)
    at model.Query.Query.cast (E:\NEXTJS\project\logistic_solutions\backend\node_modules\mongoose\lib\query.js:5060:12)
    at model.Query.Query._castConditions (E:\NEXTJS\project\logistic_solutions\backend\node_modules\mongoose\lib\query.js:2374:10)
    at model.Query._findOne (E:\NEXTJS\project\logistic_solutions\backend\node_modules\mongoose\lib\query.js:2697:8)
    at model.Query.exec (E:\NEXTJS\project\logistic_solutions\backend\node_modules\mongoose\lib\query.js:4627:80)
    at processTicksAndRejections (node:internal/process/task_queues:105:5)
    at getMaintenanceById (E:\NEXTJS\project\logistic_solutions\backend\src\controllers\maintanceController.ts:67:18)
2026-03-08 14:52:19 [error]: CastError: Cast to ObjectId failed for value "123" (type string) at path "_id" for model "Maintenance"
    at SchemaObjectId.cast (E:\NEXTJS\project\logistic_solutions\backend\node_modules\mongoose\lib\schema\objectId.js:251:11)
    at SchemaObjectId.SchemaType.applySetters (E:\NEXTJS\project\logistic_solutions\backend\node_modules\mongoose\lib\schemaType.js:1258:12)
    at SchemaObjectId.SchemaType.castForQuery (E:\NEXTJS\project\logistic_solutions\backend\node_modules\mongoose\lib\schemaType.js:1694:17)
    at cast (E:\NEXTJS\project\logistic_solutions\backend\node_modules\mongoose\lib\cast.js:390:32)
    at model.Query.Query.cast (E:\NEXTJS\project\logistic_solutions\backend\node_modules\mongoose\lib\query.js:5060:12)
    at model.Query.Query._castConditions (E:\NEXTJS\project\logistic_solutions\backend\node_modules\mongoose\lib\query.js:2374:10)
    at model.Query._findOne (E:\NEXTJS\project\logistic_solutions\backend\node_modules\mongoose\lib\query.js:2697:8)
    at model.Query.exec (E:\NEXTJS\project\logistic_solutions\backend\node_modules\mongoose\lib\query.js:4627:80)
    at processTicksAndRejections (node:internal/process/task_queues:105:5)
    at getMaintenanceById (E:\NEXTJS\project\logistic_solutions\backend\src\controllers\maintanceController.ts:67:18)
